1 STRING ba-
1 BINOP -
1 ID d
Error unclosed string
